// Jest Snapshot v1, https://goo.gl/fbAQLP

exports[`AccountList renders correctly 1`] = `
ShallowWrapper {
  "length": 1,
  Symbol(enzyme.__root__): [Circular],
  Symbol(enzyme.__unrendered__): <AccountList
    accounts={
      Object {
        "1": Object {
          "business": "test",
          "date": "Sat Dec 30 2017 21:01:06 GMT-0500 (EST)",
          "id": "1",
          "name": "test",
          "website": "test.com",
        },
        "2": Object {
          "business": "test",
          "date": "Sat Dec 30 2017 21:01:06 GMT-0500 (EST)",
          "id": "2",
          "name": "test",
          "website": "test.com",
        },
        "3": Object {
          "business": "test",
          "date": "Sat Dec 30 2017 21:01:06 GMT-0500 (EST)",
          "id": "3",
          "name": "test",
          "website": "test.com",
        },
      }
    }
  />,
  Symbol(enzyme.__renderer__): Object {
    "batchedUpdates": [Function],
    "getNode": [Function],
    "render": [Function],
    "simulateEvent": [Function],
    "unmount": [Function],
  },
  Symbol(enzyme.__node__): Object {
    "instance": null,
    "key": undefined,
    "nodeType": "host",
    "props": Object {
      "children": Array [
        <AccountContainer
          account={
            Object {
              "business": "test",
              "date": "Sat Dec 30 2017 21:01:06 GMT-0500 (EST)",
              "id": "1",
              "name": "test",
              "website": "test.com",
            }
          }
          store={undefined}
        />,
        <AccountContainer
          account={
            Object {
              "business": "test",
              "date": "Sat Dec 30 2017 21:01:06 GMT-0500 (EST)",
              "id": "2",
              "name": "test",
              "website": "test.com",
            }
          }
          store={undefined}
        />,
        <AccountContainer
          account={
            Object {
              "business": "test",
              "date": "Sat Dec 30 2017 21:01:06 GMT-0500 (EST)",
              "id": "3",
              "name": "test",
              "website": "test.com",
            }
          }
          store={undefined}
        />,
      ],
    },
    "ref": null,
    "rendered": Array [
      Object {
        "instance": null,
        "key": "1",
        "nodeType": "function",
        "props": Object {
          "account": Object {
            "business": "test",
            "date": "Sat Dec 30 2017 21:01:06 GMT-0500 (EST)",
            "id": "1",
            "name": "test",
            "website": "test.com",
          },
          "store": undefined,
        },
        "ref": null,
        "rendered": null,
        "type": [Function],
      },
      Object {
        "instance": null,
        "key": "2",
        "nodeType": "function",
        "props": Object {
          "account": Object {
            "business": "test",
            "date": "Sat Dec 30 2017 21:01:06 GMT-0500 (EST)",
            "id": "2",
            "name": "test",
            "website": "test.com",
          },
          "store": undefined,
        },
        "ref": null,
        "rendered": null,
        "type": [Function],
      },
      Object {
        "instance": null,
        "key": "3",
        "nodeType": "function",
        "props": Object {
          "account": Object {
            "business": "test",
            "date": "Sat Dec 30 2017 21:01:06 GMT-0500 (EST)",
            "id": "3",
            "name": "test",
            "website": "test.com",
          },
          "store": undefined,
        },
        "ref": null,
        "rendered": null,
        "type": [Function],
      },
    ],
    "type": "section",
  },
  Symbol(enzyme.__nodes__): Array [
    Object {
      "instance": null,
      "key": undefined,
      "nodeType": "host",
      "props": Object {
        "children": Array [
          <AccountContainer
            account={
              Object {
                "business": "test",
                "date": "Sat Dec 30 2017 21:01:06 GMT-0500 (EST)",
                "id": "1",
                "name": "test",
                "website": "test.com",
              }
            }
            store={undefined}
          />,
          <AccountContainer
            account={
              Object {
                "business": "test",
                "date": "Sat Dec 30 2017 21:01:06 GMT-0500 (EST)",
                "id": "2",
                "name": "test",
                "website": "test.com",
              }
            }
            store={undefined}
          />,
          <AccountContainer
            account={
              Object {
                "business": "test",
                "date": "Sat Dec 30 2017 21:01:06 GMT-0500 (EST)",
                "id": "3",
                "name": "test",
                "website": "test.com",
              }
            }
            store={undefined}
          />,
        ],
      },
      "ref": null,
      "rendered": Array [
        Object {
          "instance": null,
          "key": "1",
          "nodeType": "function",
          "props": Object {
            "account": Object {
              "business": "test",
              "date": "Sat Dec 30 2017 21:01:06 GMT-0500 (EST)",
              "id": "1",
              "name": "test",
              "website": "test.com",
            },
            "store": undefined,
          },
          "ref": null,
          "rendered": null,
          "type": [Function],
        },
        Object {
          "instance": null,
          "key": "2",
          "nodeType": "function",
          "props": Object {
            "account": Object {
              "business": "test",
              "date": "Sat Dec 30 2017 21:01:06 GMT-0500 (EST)",
              "id": "2",
              "name": "test",
              "website": "test.com",
            },
            "store": undefined,
          },
          "ref": null,
          "rendered": null,
          "type": [Function],
        },
        Object {
          "instance": null,
          "key": "3",
          "nodeType": "function",
          "props": Object {
            "account": Object {
              "business": "test",
              "date": "Sat Dec 30 2017 21:01:06 GMT-0500 (EST)",
              "id": "3",
              "name": "test",
              "website": "test.com",
            },
            "store": undefined,
          },
          "ref": null,
          "rendered": null,
          "type": [Function],
        },
      ],
      "type": "section",
    },
  ],
  Symbol(enzyme.__options__): Object {
    "adapter": ReactSixteenAdapter {
      "options": Object {
        "enableComponentDidUpdateOnSetState": true,
      },
    },
  },
}
`;
